// Jest Snapshot v1, https://goo.gl/fbAQLP

exports[`EditNoteForm should render correctly 1`] = `
<Modal
  className="edit-note"
  open={true}
  setOpen={null}
>
  <TextInput
    className="input"
    data-testid="title-input"
    label="Note Title"
    name="note-title"
    onChange={[Function]}
    placeholder="My Note"
    value=""
  />
  <TextArea
    className="input"
    data-testid="content-input"
    label="Note Content"
    name="note-content"
    onChange={[Function]}
    placeholder="Reminder: Eat more vegetables!"
    value=""
  />
  <Button
    className="delete-button"
    id="delete-button"
    onClick={[Function]}
    variant="danger"
  >
    Delete
  </Button>
  <Button
    className="save-button"
    id="save-button"
    onClick={[Function]}
    variant="primary"
  >
     Save 
  </Button>
</Modal>
`;
